---
source: crates/rtlens-core/tests/engine.rs
expression: "rtlens_core :: render :: fragment(& doc(\"delimited_table.txt\"))"
---
<div class="rtl-doc"><div class="rtl-table rtl-table--framed" dir="rtl" style="--rtl-cols:2"><div class="rtl-row rtl-row--head"><div class="rtl-cell rtl-cell--ltr" dir="rtl">دکمه</div><div class="rtl-cell rtl-cell--rtl" dir="rtl">چه چیزی کپی می‌شود</div></div><div class="rtl-row"><div class="rtl-cell rtl-cell--ltr" dir="ltr">Plain</div><div class="rtl-cell rtl-cell--rtl" dir="rtl">متن تمیز. ردیف‌های باکس دوباره pad می‌شوند</div></div><div class="rtl-row"><div class="rtl-cell rtl-cell--ltr" dir="ltr">BiDi-safe</div><div class="rtl-cell rtl-cell--rtl" dir="rtl">همان متن، به‌علاوهٔ کنترل‌های isolate یونیکد که چیدمان را در Slack هم نگه می‌دارند</div></div><div class="rtl-row"><div class="rtl-cell rtl-cell--ltr" dir="ltr">MD</div><div class="rtl-cell rtl-cell--rtl" dir="rtl">مثل Plain، ولی inline code داخل بک‌تیک</div></div></div></div>
