---
source: crates/rtlens-core/tests/engine.rs
expression: "rtlens_core :: render :: fragment(& doc(\"wrapped_prose.txt\"))"
---
<div class="rtl-doc"><div class="rtl-line"><span class="rtl-content" dir="rtl">این یک متن طولانی فارسی است که توسط ترمینال در عرض هشتاد ستون شکسته شده است و باید دوباره به یک پاراگراف واحد تبدیل شود تا خوانا باشد.</span></div>
<div class="rtl-line rtl-line--blank"><span class="rtl-content" dir="ltr"></span></div>
<div class="rtl-line rtl-line--rtl"><span class="rtl-gutter">- </span><span class="rtl-content" dir="rtl">مورد اول</span></div>
<div class="rtl-line rtl-line--rtl"><span class="rtl-gutter">- </span><span class="rtl-content" dir="rtl">مورد دوم</span></div>
<div class="rtl-line rtl-line--rtl"><span class="rtl-gutter">- </span><span class="rtl-content" dir="rtl">مورد سوم</span></div></div>
